// Jest Snapshot v1, https://goo.gl/fbAQLP

exports[`it should match the calculator page 1`] = `
<div
  className="container-calc d-flex"
>
  <div
    className="inner"
  >
    <h1>
      Let's do Maths !
    </h1>
  </div>
  <div>
    <div
      className="calculator-container"
    >
      <span>
        Tahtouha
      </span>
      <div
        className="output"
      >
        <div
          className="operation"
        >
          0
           
        </div>
      </div>
      <div
        className="buttons"
      >
        <div
          className="group1"
        >
          <button
            name="AC"
            onClick={[Function]}
            type="button"
          >
            AC
          </button>
          <button
            name="+/-"
            onClick={[Function]}
            type="button"
          >
            +/-
          </button>
          <button
            name="%"
            onClick={[Function]}
            type="button"
          >
            %
          </button>
          <button
            name="+"
            onClick={[Function]}
            type="button"
          >
            +
          </button>
        </div>
        <div
          className="group2"
        >
          <button
            name="7"
            onClick={[Function]}
            type="button"
          >
            7
          </button>
          <button
            name="8"
            onClick={[Function]}
            type="button"
          >
            8
          </button>
          <button
            name="9"
            onClick={[Function]}
            type="button"
          >
            9
          </button>
          <button
            name="รท"
            onClick={[Function]}
            type="button"
          >
            รท
          </button>
        </div>
        <div
          className="group3"
        >
          <button
            name="4"
            onClick={[Function]}
            type="button"
          >
            4
          </button>
          <button
            name="5"
            onClick={[Function]}
            type="button"
          >
            5
          </button>
          <button
            name="6"
            onClick={[Function]}
            type="button"
          >
            6
          </button>
          <button
            name="x"
            onClick={[Function]}
            type="button"
          >
            x
          </button>
        </div>
        <div
          className="group4"
        >
          <button
            name="1"
            onClick={[Function]}
            type="button"
          >
            1
          </button>
          <button
            name="2"
            onClick={[Function]}
            type="button"
          >
            2
          </button>
          <button
            name="3"
            onClick={[Function]}
            type="button"
          >
            3
          </button>
          <button
            name="-"
            onClick={[Function]}
            type="button"
          >
            -
          </button>
        </div>
        <div
          className="group5"
        >
          <button
            className="span2"
            name="0"
            onClick={[Function]}
            type="button"
          >
            0
          </button>
          <button
            name="."
            onClick={[Function]}
            type="button"
          >
            .
          </button>
          <button
            name="="
            onClick={[Function]}
            type="button"
          >
            =
          </button>
        </div>
      </div>
    </div>
  </div>
</div>
`;
